<class 'qdrant_client.http.models.models.FieldCondition'>
